// Vitest Snapshot v1, https://vitest.dev/guide/snapshot.html

exports[`Cats > should match snapshot 1`] = `
{
  "asFragment": [Function],
  "baseElement": <body>
    <div>
      <div>
        <div>
          <div
            class="_container_c9f2fc"
          >
            <div
              class="_container_dde768"
            >
              <input
                class="_input_dde768"
                data-testid="search"
                id="search"
                name="search"
                placeholder="Search..."
                value=""
              />
            </div>
            <div
              class="_container_7c5b13"
            >
              <div
                class="_input_7c5b13"
                data-testid="dropdown"
              >
                <div
                  class="_selected_7c5b13"
                  data-testid="dropdown-selected"
                >
                  Random
                </div>
                <div
                  class="_tools_7c5b13"
                >
                  <div
                    class="_tool_7c5b13"
                  >
                    <svg
                      height="20"
                      viewBox="0 0 30 30"
                      width="20"
                      xmlns="http://www.w3.org/2000/svg"
                    >
                      <path
                        d="M 2.65625 6.25 L 1.34375 7.75 L 11.34375 16.75 L 12 17.34375 L 12.65625 16.75 L 22.65625 7.75 L 21.34375 6.25 L 12 14.65625 L 2.65625 6.25 z"
                        fill="#000000"
                      />
                    </svg>
                  </div>
                </div>
              </div>
            </div>
            <div
              class="_container_7c5b13"
            >
              <div
                class="_input_7c5b13"
                data-testid="dropdown"
              >
                <div
                  class="_selected_7c5b13"
                  data-testid="dropdown-selected"
                >
                  All
                </div>
                <div
                  class="_tools_7c5b13"
                >
                  <div
                    class="_tool_7c5b13"
                  >
                    <svg
                      height="20"
                      viewBox="0 0 30 30"
                      width="20"
                      xmlns="http://www.w3.org/2000/svg"
                    >
                      <path
                        d="M 2.65625 6.25 L 1.34375 7.75 L 11.34375 16.75 L 12 17.34375 L 12.65625 16.75 L 22.65625 7.75 L 21.34375 6.25 L 12 14.65625 L 2.65625 6.25 z"
                        fill="#000000"
                      />
                    </svg>
                  </div>
                </div>
              </div>
            </div>
          </div>
          <ul
            class="_list_f48831"
          >
            <li
              class="_container_ceb8ea"
              data-testid="cat"
            >
              <a
                href="/cats/4s4"
              >
                <img
                  alt="Cat 4s4"
                  class="_img_ceb8ea"
                  src="https://cdn2.thecatapi.com/images/4s4.jpg"
                />
              </a>
            </li>
            <li
              class="_container_ceb8ea"
              data-testid="cat"
            >
              <a
                href="/cats/77t"
              >
                <img
                  alt="Cat 77t"
                  class="_img_ceb8ea"
                  src="https://cdn2.thecatapi.com/images/77t.jpg"
                />
              </a>
            </li>
            <li
              class="_container_ceb8ea"
              data-testid="cat"
            >
              <a
                href="/cats/ch8"
              >
                <img
                  alt="Cat ch8"
                  class="_img_ceb8ea"
                  src="https://cdn2.thecatapi.com/images/ch8.jpg"
                />
              </a>
            </li>
          </ul>
        </div>
      </div>
    </div>
  </body>,
  "container": <div>
    <div>
      <div>
        <div
          class="_container_c9f2fc"
        >
          <div
            class="_container_dde768"
          >
            <input
              class="_input_dde768"
              data-testid="search"
              id="search"
              name="search"
              placeholder="Search..."
              value=""
            />
          </div>
          <div
            class="_container_7c5b13"
          >
            <div
              class="_input_7c5b13"
              data-testid="dropdown"
            >
              <div
                class="_selected_7c5b13"
                data-testid="dropdown-selected"
              >
                Random
              </div>
              <div
                class="_tools_7c5b13"
              >
                <div
                  class="_tool_7c5b13"
                >
                  <svg
                    height="20"
                    viewBox="0 0 30 30"
                    width="20"
                    xmlns="http://www.w3.org/2000/svg"
                  >
                    <path
                      d="M 2.65625 6.25 L 1.34375 7.75 L 11.34375 16.75 L 12 17.34375 L 12.65625 16.75 L 22.65625 7.75 L 21.34375 6.25 L 12 14.65625 L 2.65625 6.25 z"
                      fill="#000000"
                    />
                  </svg>
                </div>
              </div>
            </div>
          </div>
          <div
            class="_container_7c5b13"
          >
            <div
              class="_input_7c5b13"
              data-testid="dropdown"
            >
              <div
                class="_selected_7c5b13"
                data-testid="dropdown-selected"
              >
                All
              </div>
              <div
                class="_tools_7c5b13"
              >
                <div
                  class="_tool_7c5b13"
                >
                  <svg
                    height="20"
                    viewBox="0 0 30 30"
                    width="20"
                    xmlns="http://www.w3.org/2000/svg"
                  >
                    <path
                      d="M 2.65625 6.25 L 1.34375 7.75 L 11.34375 16.75 L 12 17.34375 L 12.65625 16.75 L 22.65625 7.75 L 21.34375 6.25 L 12 14.65625 L 2.65625 6.25 z"
                      fill="#000000"
                    />
                  </svg>
                </div>
              </div>
            </div>
          </div>
        </div>
        <ul
          class="_list_f48831"
        >
          <li
            class="_container_ceb8ea"
            data-testid="cat"
          >
            <a
              href="/cats/4s4"
            >
              <img
                alt="Cat 4s4"
                class="_img_ceb8ea"
                src="https://cdn2.thecatapi.com/images/4s4.jpg"
              />
            </a>
          </li>
          <li
            class="_container_ceb8ea"
            data-testid="cat"
          >
            <a
              href="/cats/77t"
            >
              <img
                alt="Cat 77t"
                class="_img_ceb8ea"
                src="https://cdn2.thecatapi.com/images/77t.jpg"
              />
            </a>
          </li>
          <li
            class="_container_ceb8ea"
            data-testid="cat"
          >
            <a
              href="/cats/ch8"
            >
              <img
                alt="Cat ch8"
                class="_img_ceb8ea"
                src="https://cdn2.thecatapi.com/images/ch8.jpg"
              />
            </a>
          </li>
        </ul>
      </div>
    </div>
  </div>,
  "debug": [Function],
  "findAllByAltText": [Function],
  "findAllByDisplayValue": [Function],
  "findAllByLabelText": [Function],
  "findAllByPlaceholderText": [Function],
  "findAllByRole": [Function],
  "findAllByTestId": [Function],
  "findAllByText": [Function],
  "findAllByTitle": [Function],
  "findByAltText": [Function],
  "findByDisplayValue": [Function],
  "findByLabelText": [Function],
  "findByPlaceholderText": [Function],
  "findByRole": [Function],
  "findByTestId": [Function],
  "findByText": [Function],
  "findByTitle": [Function],
  "getAllByAltText": [Function],
  "getAllByDisplayValue": [Function],
  "getAllByLabelText": [Function],
  "getAllByPlaceholderText": [Function],
  "getAllByRole": [Function],
  "getAllByTestId": [Function],
  "getAllByText": [Function],
  "getAllByTitle": [Function],
  "getByAltText": [Function],
  "getByDisplayValue": [Function],
  "getByLabelText": [Function],
  "getByPlaceholderText": [Function],
  "getByRole": [Function],
  "getByTestId": [Function],
  "getByText": [Function],
  "getByTitle": [Function],
  "queryAllByAltText": [Function],
  "queryAllByDisplayValue": [Function],
  "queryAllByLabelText": [Function],
  "queryAllByPlaceholderText": [Function],
  "queryAllByRole": [Function],
  "queryAllByTestId": [Function],
  "queryAllByText": [Function],
  "queryAllByTitle": [Function],
  "queryByAltText": [Function],
  "queryByDisplayValue": [Function],
  "queryByLabelText": [Function],
  "queryByPlaceholderText": [Function],
  "queryByRole": [Function],
  "queryByTestId": [Function],
  "queryByText": [Function],
  "queryByTitle": [Function],
  "rerender": [Function],
  "unmount": [Function],
}
`;
